====================================================================================
 W12 探针: L4 面积律下界的「推离」负对照 (chi 压到界下)
====================================================================================

【1】重放 setup 并核对旧日志锚点
[阶段二] 临界点对称性破缺: L=16, h/J=1.0
  E0/L=-1.275287, S(L/2)=0.7501, Schmidt 极化=250.673, gap=p1/p0=0.366151
  S(L/2)          = 0.7501       (旧日志 0.7501)
  exp(S) 下界     = 2.1171    (旧日志 2.1171)
  派生 chi        = 4
  精确 c          = 0.5072     (旧日志 0.5072)

【2】非空性检查 (没有这一步, "压到界下"可能是空话)
  下界 exp(S) = 2.1171 > 2 -> chi=2 严格在界下 = True

【3】单变量对照 (同种子/同 lr/同预算, 只改 chi)
  chi=4 (界上)  ov=0.998952 @step1500  c=0.522571  eps_c=  3.027%  (86s)
  chi=2 (**界下**)  ov=0.967906 @step1500  c=0.606606  eps_c= 19.595%  (38s)

  [复现性] chi=4 seed0 本次 eps_c=3.027% vs 旧日志 3.027%  (差 0.000%)

【4】Schmidt 逐切割截断参照 (非严格界, 只作定性归因)
  chi=2: eps_c = 61.829%
  chi=4: eps_c = 5.928%

【5】判定
  chi=8 (界上, 旧日志) eps_c = 1.879%
  chi=4 (界上, 本次)   eps_c = 3.027%
  chi=2 (界下, 本次)   eps_c = 19.595%   (阈值 5%, 超阈 = True)
  -> 压到界下后下游**退化** = True
  [结论] 面积律下界确实在约束下游 —— 「推离」型负对照**成立**。

  判据口径: 本探针判的是"下游是否退化"; eps_c 阈值取产品代码自己的
  KNOBS[eps_c_target]=0.05。判据与结论分离, 不为任何一边调阈值。
