========================================================================
  v15 · W2 参考侧"同单位受控"重建
========================================================================
  与模型侧逐字相同的参数: L=0.5, Du=2e-05, Dv=1e-05, F=0.035, k=0.06
  dt 随 h^2 同比缩 (以 N=36 的 dt=1.0 为基准), 物理总时长 T=40000 在所有 N 上相同
  分辨率 N ∈ (36, 72, 144); 每 N 种子 seed ∈ (0, 1, 2)
  N=36 恰为模型侧 derive_L6_grid 派生出的分辨率 -> 可作为硬核对点

--- N=36 (h=0.013889, dt=1.0000, 满程 steps=40000, stab=0.10368) ---
  seed 0:   11.93s | 对比度 0.3491 | 活化占比 0.6373 | phi 0.5000 | 波长 0.1782 | u_std 0.1513 | 涌现
  seed 1:    8.48s | 对比度 0.3560 | 活化占比 0.6165 | phi 0.5000 | 波长 0.5217 | u_std 0.1548 | 涌现
  seed 2:   11.61s | 对比度 0.3498 | 活化占比 0.6312 | phi 0.5000 | 波长 0.2081 | u_std 0.1514 | 涌现

--- N=72 (h=0.006944, dt=0.2500, 满程 steps=160000, stab=0.10368) ---
  seed 0:   63.85s | 对比度 0.3578 | 活化占比 0.6362 | phi 0.5000 | 波长 0.1614 | u_std 0.1498 | 涌现
  seed 1:   40.07s | 对比度 0.3590 | 活化占比 0.6242 | phi 0.5000 | 波长 0.2637 | u_std 0.1494 | 涌现
  seed 2:   35.11s | 对比度 0.3630 | 活化占比 0.6202 | phi 0.5000 | 波长 0.1769 | u_std 0.1565 | 涌现

--- N=144 (h=0.003472, dt=0.0625, 满程 steps=640000, stab=0.10368) ---
  seed 0:  319.87s | 对比度 0.3592 | 活化占比 0.6406 | phi 0.5000 | 波长 0.1586 | u_std 0.1495 | 涌现
  seed 1:  340.10s | 对比度 0.3613 | 活化占比 0.6228 | phi 0.5000 | 波长 0.2093 | u_std 0.1547 | 涌现
  seed 2:  323.02s | 对比度 0.3649 | 活化占比 0.6216 | phi 0.5000 | 波长 0.1739 | u_std 0.1566 | 涌现

写入 data\_v15_cache\gs_v15seed.npz (1.17 MB), 9 个场
  未涌现 (对比度<=0.2 或 活化<=5%): 无
  总用时 1154.2s
